\BOOKMARK [0][-]{chapter.1}{\376\377\000P\000E\000N\000D\000A\000H\000U\000L\000U\000A\000N}{}% 1
\BOOKMARK [1][-]{section.1.1}{\376\377\000I\000d\000e\000n\000t\000i\000t\000a\000s\000\040\000M\000a\000h\000a\000s\000i\000s\000w\000a}{chapter.1}% 2
\BOOKMARK [1][-]{section.1.2}{\376\377\000K\000e\000m\000i\000n\000a\000t\000a\000n\000\040\000d\000a\000n\000\040\000B\000i\000d\000a\000n\000g\000\040\000P\000e\000n\000e\000l\000i\000t\000i\000a\000n}{chapter.1}% 3
\BOOKMARK [1][-]{section.1.3}{\376\377\000J\000e\000n\000i\000s\000\040\000P\000e\000n\000e\000l\000i\000t\000i\000a\000n}{chapter.1}% 4
\BOOKMARK [1][-]{section.1.4}{\376\377\000J\000u\000d\000u\000l\000\040\000/\000\040\000T\000o\000p\000i\000k\000\040\000S\000k\000r\000i\000p\000s\000i}{chapter.1}% 5
\BOOKMARK [1][-]{section.1.5}{\376\377\000L\000a\000t\000a\000r\000\040\000B\000e\000l\000a\000k\000a\000n\000g}{chapter.1}% 6
\BOOKMARK [1][-]{section.1.6}{\376\377\000R\000u\000m\000u\000s\000a\000n\000\040\000M\000a\000s\000a\000l\000a\000h}{chapter.1}% 7
\BOOKMARK [1][-]{section.1.7}{\376\377\000T\000u\000j\000u\000a\000n}{chapter.1}% 8
\BOOKMARK [1][-]{section.1.8}{\376\377\000B\000a\000t\000a\000s\000a\000n\000\040\000M\000a\000s\000a\000l\000a\000h}{chapter.1}% 9
\BOOKMARK [0][-]{chapter.2}{\376\377\000L\000A\000N\000D\000A\000S\000A\000N\000\040\000K\000E\000P\000U\000S\000T\000A\000K\000A\000A\000N}{}% 10
\BOOKMARK [1][-]{section.2.1}{\376\377\000W\000e\000b\000s\000i\000t\000e\000\040\000R\000e\000s\000p\000o\000n\000s\000i\000f}{chapter.2}% 11
\BOOKMARK [1][-]{section.2.2}{\376\377\000F\000r\000a\000m\000e\000w\000o\000r\000k\000\040\000F\000r\000o\000n\000t\000e\000n\000d}{chapter.2}% 12
\BOOKMARK [1][-]{section.2.3}{\376\377\000V\000u\000e\000\040\000J\000S}{chapter.2}% 13
\BOOKMARK [1][-]{section.2.4}{\376\377\000S\000v\000e\000l\000t\000e}{chapter.2}% 14
\BOOKMARK [1][-]{section.2.5}{\376\377\000C\000o\000r\000e\000\040\000W\000e\000b\000\040\000V\000i\000t\000a\000l\000s}{chapter.2}% 15
\BOOKMARK [2][-]{subsection.2.5.1}{\376\377\000L\000a\000r\000g\000e\000s\000t\000\040\000C\000o\000n\000t\000e\000n\000t\000f\000u\000l\000\040\000P\000a\000i\000n\000t}{section.2.5}% 16
\BOOKMARK [2][-]{subsection.2.5.2}{\376\377\000I\000n\000t\000e\000r\000a\000c\000t\000i\000o\000n\000\040\000t\000o\000\040\000N\000e\000x\000t\000\040\000P\000a\000i\000n\000t}{section.2.5}% 17
\BOOKMARK [2][-]{subsection.2.5.3}{\376\377\000C\000u\000m\000u\000l\000a\000t\000i\000v\000e\000\040\000L\000a\000y\000o\000u\000t\000\040\000S\000h\000i\000f\000t}{section.2.5}% 18
\BOOKMARK [1][-]{section.2.6}{\376\377\000E\000f\000i\000s\000i\000e\000n\000s\000i\000\040\000S\000u\000m\000b\000e\000r\000\040\000D\000a\000y\000a}{chapter.2}% 19
\BOOKMARK [1][-]{section.2.7}{\376\377\000E\000l\000y\000s\000i\000a\000J\000S\000\040\000d\000a\000n\000\040\000E\000d\000e\000n\000\040\000T\000r\000e\000a\000t\000y}{chapter.2}% 20
\BOOKMARK [1][-]{section.2.8}{\376\377\000W\000e\000b\000s\000i\000t\000e\000\040\000L\000i\000s\000t\000i\000n\000g\000\040\000P\000r\000o\000p\000e\000r\000t\000i}{chapter.2}% 21
\BOOKMARK [2][-]{subsection.2.8.1}{\376\377\000U\000n\000i\000t\000\040\000T\000e\000s\000t\000i\000n\000g}{section.2.8}% 22
\BOOKMARK [2][-]{subsection.2.8.2}{\376\377\000I\000n\000t\000e\000g\000r\000a\000t\000i\000o\000n\000\040\000T\000e\000s\000t\000i\000n\000g}{section.2.8}% 23
\BOOKMARK [2][-]{subsection.2.8.3}{\376\377\000E\000n\000d\000-\000t\000o\000-\000E\000n\000d\000\040\000T\000e\000s\000t\000i\000n\000g}{section.2.8}% 24
\BOOKMARK [2][-]{subsection.2.8.4}{\376\377\000W\000e\000b\000\040\000P\000e\000r\000f\000o\000r\000m\000a\000n\000c\000e\000\040\000T\000e\000s\000t\000i\000n\000g}{section.2.8}% 25
\BOOKMARK [2][-]{subsection.2.8.5}{\376\377\000U\000s\000e\000r\000\040\000E\000x\000p\000e\000r\000i\000e\000n\000c\000e}{section.2.8}% 26
\BOOKMARK [2][-]{subsection.2.8.6}{\376\377\000U\000s\000a\000b\000i\000l\000i\000t\000y\000\040\000T\000e\000s\000t\000i\000n\000g}{section.2.8}% 27
\BOOKMARK [2][-]{subsection.2.8.7}{\376\377\000S\000y\000s\000t\000e\000m\000\040\000U\000s\000a\000b\000i\000l\000i\000t\000y\000\040\000S\000c\000a\000l\000e\000\040\000\050\000S\000U\000S\000\051}{section.2.8}% 28
\BOOKMARK [2][-]{subsection.2.8.8}{\376\377\000V\000i\000t\000e\000s\000t}{section.2.8}% 29
\BOOKMARK [2][-]{subsection.2.8.9}{\376\377\000P\000l\000a\000y\000w\000r\000i\000g\000h\000t}{section.2.8}% 30
\BOOKMARK [2][-]{subsection.2.8.10}{\376\377\000G\000o\000o\000g\000l\000e\000\040\000L\000i\000g\000h\000t\000h\000o\000u\000s\000e}{section.2.8}% 31
\BOOKMARK [2][-]{subsection.2.8.11}{\376\377\000C\000h\000r\000o\000m\000e\000\040\000D\000e\000v\000T\000o\000o\000l\000s}{section.2.8}% 32
\BOOKMARK [0][-]{chapter.3}{\376\377\000M\000E\000T\000O\000D\000O\000L\000O\000G\000I\000\040\000P\000E\000N\000E\000L\000I\000T\000I\000A\000N}{}% 33
\BOOKMARK [1][-]{section.3.1}{\376\377\000R\000a\000n\000c\000a\000n\000g\000a\000n\000\040\000P\000e\000n\000e\000l\000i\000t\000i\000a\000n}{chapter.3}% 34
\BOOKMARK [1][-]{section.3.2}{\376\377\000P\000e\000r\000s\000i\000a\000p\000a\000n\000\040\000d\000a\000n\000\040\000P\000e\000n\000g\000e\000m\000b\000a\000n\000g\000a\000n\000\040\000P\000r\000o\000t\000o\000t\000i\000p\000e}{chapter.3}% 35
\BOOKMARK [1][-]{section.3.3}{\376\377\000V\000a\000l\000i\000d\000a\000s\000i\000\040\000K\000e\000s\000e\000t\000a\000r\000a\000a\000n\000\040\000F\000i\000t\000u\000r}{chapter.3}% 36
\BOOKMARK [2][-]{subsection.3.3.1}{\376\377\000U\000n\000i\000t\000\040\000T\000e\000s\000t\000i\000n\000g}{section.3.3}% 37
\BOOKMARK [2][-]{subsection.3.3.2}{\376\377\000I\000n\000t\000e\000g\000r\000a\000t\000i\000o\000n\000\040\000T\000e\000s\000t\000i\000n\000g}{section.3.3}% 38
\BOOKMARK [2][-]{subsection.3.3.3}{\376\377\000E\000n\000d\000-\000t\000o\000-\000E\000n\000d\000\040\000T\000e\000s\000t\000i\000n\000g}{section.3.3}% 39
\BOOKMARK [1][-]{section.3.4}{\376\377\000P\000e\000n\000g\000u\000j\000i\000a\000n\000\040\000P\000e\000r\000f\000o\000r\000m\000a\000\040\000K\000o\000m\000p\000u\000t\000a\000s\000i\000o\000n\000a\000l}{chapter.3}% 40
\BOOKMARK [2][-]{subsection.3.4.1}{\376\377\000L\000i\000n\000g\000k\000u\000n\000g\000a\000n\000\040\000P\000e\000n\000g\000u\000j\000i\000a\000n}{section.3.4}% 41
\BOOKMARK [2][-]{subsection.3.4.2}{\376\377\000P\000e\000n\000g\000u\000j\000i\000a\000n\000\040\000L\000C\000P\000\040\000d\000a\000n\000\040\000C\000L\000S}{section.3.4}% 42
\BOOKMARK [2][-]{subsection.3.4.3}{\376\377\000P\000e\000n\000g\000u\000j\000i\000a\000n\000\040\000I\000n\000t\000e\000r\000a\000c\000t\000i\000o\000n\000\040\000t\000o\000\040\000N\000e\000x\000t\000\040\000P\000a\000i\000n\000t}{section.3.4}% 43
\BOOKMARK [2][-]{subsection.3.4.4}{\376\377\000P\000e\000n\000g\000u\000j\000i\000a\000n\000\040\000E\000f\000i\000s\000i\000e\000n\000s\000i\000\040\000S\000u\000m\000b\000e\000r\000\040\000D\000a\000y\000a}{section.3.4}% 44
\BOOKMARK [1][-]{section.3.5}{\376\377\000E\000v\000a\000l\000u\000a\000s\000i\000\040\000U\000s\000e\000r\000\040\000E\000x\000p\000e\000r\000i\000e\000n\000c\000e\000\040\000d\000a\000n\000\040\000U\000s\000a\000b\000i\000l\000i\000t\000y}{chapter.3}% 45
\BOOKMARK [2][-]{subsection.3.5.1}{\376\377\000P\000a\000r\000t\000i\000s\000i\000p\000a\000n\000\040\000P\000e\000n\000e\000l\000i\000t\000i\000a\000n}{section.3.5}% 46
\BOOKMARK [2][-]{subsection.3.5.2}{\376\377\000S\000k\000e\000n\000a\000r\000i\000o\000\040\000P\000e\000n\000g\000u\000j\000i\000a\000n}{section.3.5}% 47
\BOOKMARK [2][-]{subsection.3.5.3}{\376\377\000P\000r\000o\000s\000e\000d\000u\000r\000\040\000P\000e\000n\000g\000u\000j\000i\000a\000n}{section.3.5}% 48
\BOOKMARK [2][-]{subsection.3.5.4}{\376\377\000U\000s\000e\000r\000\040\000E\000x\000p\000e\000r\000i\000e\000n\000c\000e\000\040\000Q\000u\000e\000s\000t\000i\000o\000n\000n\000a\000i\000r\000e}{section.3.5}% 49
\BOOKMARK [2][-]{subsection.3.5.5}{\376\377\000S\000y\000s\000t\000e\000m\000\040\000U\000s\000a\000b\000i\000l\000i\000t\000y\000\040\000S\000c\000a\000l\000e}{section.3.5}% 50
\BOOKMARK [1][-]{section.3.6}{\376\377\000T\000e\000k\000n\000i\000k\000\040\000A\000n\000a\000l\000i\000s\000i\000s\000\040\000D\000a\000t\000a}{chapter.3}% 51
\BOOKMARK [2][-]{subsection.3.6.1}{\376\377\000A\000n\000a\000l\000i\000s\000i\000s\000\040\000P\000e\000r\000f\000o\000r\000m\000a\000\040\000K\000o\000m\000p\000u\000t\000a\000s\000i\000o\000n\000a\000l}{section.3.6}% 52
\BOOKMARK [2][-]{subsection.3.6.2}{\376\377\000A\000n\000a\000l\000i\000s\000i\000s\000\040\000U\000E\000Q}{section.3.6}% 53
\BOOKMARK [2][-]{subsection.3.6.3}{\376\377\000A\000n\000a\000l\000i\000s\000i\000s\000\040\000S\000U\000S}{section.3.6}% 54
\BOOKMARK [1][-]{section.3.7}{\376\377\000A\000n\000a\000l\000i\000s\000i\000s\000\040\000K\000o\000m\000p\000a\000r\000a\000t\000i\000f\000\040\000H\000a\000s\000i\000l\000\040\000P\000e\000n\000g\000u\000j\000i\000a\000n}{chapter.3}% 55
\BOOKMARK [0][-]{chapter*.9}{\376\377\000D\000A\000F\000T\000A\000R\000\040\000R\000E\000F\000E\000R\000E\000N\000S\000I}{}% 56
